[nextlevel-erlebnisse.de/sandboxvr/index.html]
[backblue.gif]
[fade.gif]
[index.html]
[nextlevel-erlebnisse.de/wp-content/themes/airi/css/bootstrap/bootstrap.min.css]
[use.typekit.net/xxa5vuq.css]
[nextlevel-erlebnisse.de/wp-content/plugins/contact-form-7/includes/css/styles.css]
[nextlevel-erlebnisse.de/wp-content/plugins/mailchimp-for-wp/assets/css/form-themes.css]
[nextlevel-erlebnisse.de/wp-content/plugins/complianz-gdpr/assets/css/cookieblocker.min.css]
[nextlevel-erlebnisse.de/wp-content/themes/airi/style.css]
[nextlevel-erlebnisse.de/wp-content/themes/airi-child/style.css]
[nextlevel-erlebnisse.de/wp-content/themes/airi/css/font-awesome/css/all.min.css]
[nextlevel-erlebnisse.de/wp-content/plugins/elementor/assets/lib/eicons/css/elementor-icons.min.css]
[nextlevel-erlebnisse.de/wp-content/plugins/elementor/assets/css/frontend-lite.min.css]
[nextlevel-erlebnisse.de/wp-content/plugins/elementor/assets/lib/swiper/css/swiper.min.css]
[nextlevel-erlebnisse.de/wp-content/uploads/elementor/css/post-226.css]
[nextlevel-erlebnisse.de/wp-content/plugins/elementor-pro/assets/css/frontend-lite.min.css]
[nextlevel-erlebnisse.de/wp-content/plugins/ultimate-elementor/assets/min-css/uael-frontend.min.css]
[nextlevel-erlebnisse.de/wp-content/plugins/elementor/assets/lib/font-awesome/css/all.min.css]
[nextlevel-erlebnisse.de/wp-content/plugins/elementor/assets/lib/font-awesome/css/v4-shims.min.css]
[nextlevel-erlebnisse.de/wp-content/uploads/elementor/css/post-2846.css]
[nextlevel-erlebnisse.de/wp-content/cache/wpo-minify/1703182684/assets/wpo-minify-header-f5440c18.min.js]
[nextlevel-erlebnisse.de/wp-content/cache/wpo-minify/1703182684/assets/wpo-minify-header-7722083d.min.js]
[nextlevel-erlebnisse.de/wp-content/uploads/2021/10/nextlevel-logo-150x150.jpg]
[nextlevel-erlebnisse.de/wp-content/uploads/2021/10/nextlevel-logo-300x300.jpg]
[connect.facebook.net/en_US/fbevents.js]
[nextlevel-erlebnisse.de/wp-content/plugins/complianz-gdpr/assets/images/placeholders/default-minimal.jpg]
[sc-static.net/scevent.min.js]
[nextlevel-erlebnisse.de/wp-content/uploads/2022/08/sanndbox_logo_white-768x118.png]
[nextlevel-erlebnisse.de/wp-content/uploads/2022/09/Logo-Vertical-Lockup-768x676.png]
[nextlevel-erlebnisse.de/sandboxvr/gutschein/index.html]
[nextlevel-erlebnisse.de/wp-content/plugins/elementor-pro/assets/css/widget-animated-headline.min.css]
[nextlevel-erlebnisse.de/wp-content/uploads/2023/12/Sandbox_Preisuebersicht_v2_web.png]
[nextlevel-erlebnisse.de/wp-content/plugins/elementor-pro/assets/css/widget-carousel.min.css]
[nextlevel-erlebnisse.de/wp-content/plugins/elementor/assets/css/widget-icon-box.min.css]
[nextlevel-erlebnisse.de/wp-content/uploads/2022/05/NextLevelErlebnisse-_Logo-Weiss-300x118.png]
[nextlevel-erlebnisse.de/sandboxvr/erlebnisse/ambersky/index.html]
[nextlevel-erlebnisse.de/sandboxvr/erlebnisse/deadwoodvalley/index.html]
[nextlevel-erlebnisse.de/wp-content/uploads/2022/09/Lü_R_Logo_Dark_Colors_Principal-2-white-300x271.png]
[nextlevel-erlebnisse.de/sandboxvr/erlebnisse/deadwoodmansion/index.html]
[nextlevel-erlebnisse.de/sandboxvr/erlebnisse/davyjones/index.html]
[nextlevel-erlebnisse.de/wp-content/uploads/2021/12/hologate_hori_white_alsfeld-300x105.png]
[nextlevel-erlebnisse.de/sandboxvr/erlebnisse/startrek/index.html]
[nextlevel-erlebnisse.de/sandboxvr/erlebnisse/ufl/index.html]
[nextlevel-erlebnisse.de/wp-content/uploads/2021/12/Logo_Escape_Room_Alsfeld_weiss_print-300x105.png]
[nextlevel-erlebnisse.de/sandboxvr/erlebnisse/dragonfire/index.html]
[nextlevel-erlebnisse.de/wp-content/uploads/2021/12/Logo_weiss_neu-300x169.png]
[nextlevel-erlebnisse.de/sandboxvr/erlebnisse/squidgame/index.html]
[nextlevel-erlebnisse.de/wp-content/plugins/elementor-pro/assets/css/widget-call-to-action.min.css]
[nextlevel-erlebnisse.de/wp-content/uploads/2023/02/image-nextlevel-alsfeld-3-768x512.jpg]
[nextlevel-erlebnisse.de/wp-content/uploads/2023/12/sandboxvr-wiesbaden-1-300x200.jpg]
[nextlevel-erlebnisse.de/wp-content/uploads/2023/01/leader_logos1.jpg]
[nextlevel-erlebnisse.de/wp-content/uploads/2023/01/leader_logos2.jpg]
[nextlevel-erlebnisse.de/wp-content/uploads/2023/01/leader_logos3.jpg]
[nextlevel-erlebnisse.de/wp-content/uploads/elementor/css/post-8361.css]
[nextlevel-erlebnisse.de/wp-content/plugins/elementor/assets/lib/animations/animations.min.css]
[nextlevel-erlebnisse.de/wp-content/cache/wpo-minify/1703182684/assets/wpo-minify-footer-079b197b.min.js]
[nextlevel-erlebnisse.de/wp-content/cache/wpo-minify/1703182684/assets/wpo-minify-footer-d6d495b0.min.js]
[nextlevel-erlebnisse.de/sandboxvr/index.html]
[www.googletagmanager.com/gtm5445.html]
[nextlevel-erlebnisse.de/wp-content/themes/airi/css/bootstrap/bootstrap.min.css]
[nextlevel-erlebnisse.de/wp-content/cache/wpo-minify/1703182684/assets/wpo-minify-footer-06571202.min.js]
[use.typekit.net/af/4a5f61/00000000000000007735fa47/30/l652f]
[use.typekit.net/af/4a5f61/00000000000000007735fa47/30/d652f]
[use.typekit.net/af/4a5f61/00000000000000007735fa47/30/a652f]
[use.typekit.net/af/39cc4b/00000000000000007735fa4e/30/le196]
[use.typekit.net/af/39cc4b/00000000000000007735fa4e/30/de196]
[use.typekit.net/xxa5vuq.css]
[nextlevel-erlebnisse.de/wp-content/plugins/contact-form-7/includes/css/styles.css]
[nextlevel-erlebnisse.de/wp-content/plugins/mailchimp-for-wp/assets/css/form-themes.css]
[nextlevel-erlebnisse.de/wp-content/plugins/complianz-gdpr/assets/css/cookieblocker.min.css]
[nextlevel-erlebnisse.de/wp-content/themes/airi/style.css]
[nextlevel-erlebnisse.de/wp-content/themes/airi-child/style.css]
[nextlevel-erlebnisse.de/wp-content/themes/airi/css/font-awesome/css/all.min.css]
[nextlevel-erlebnisse.de/wp-content/plugins/elementor/assets/lib/eicons/css/elementor-icons.min.css]
[nextlevel-erlebnisse.de/wp-content/plugins/elementor/assets/css/frontend-lite.min.css]
[nextlevel-erlebnisse.de/wp-content/plugins/elementor/assets/lib/swiper/css/swiper.min.css]
[nextlevel-erlebnisse.de/wp-content/uploads/elementor/css/post-226.css]
[nextlevel-erlebnisse.de/wp-content/plugins/elementor-pro/assets/css/frontend-lite.min.css]
[use.typekit.net/af/39cc4b/00000000000000007735fa4e/30/ae196]
[nextlevel-erlebnisse.de/wp-content/plugins/ultimate-elementor/assets/min-css/uael-frontend.min.css]
[nextlevel-erlebnisse.de/wp-content/plugins/elementor/assets/lib/font-awesome/css/all.min.css]
[nextlevel-erlebnisse.de/wp-content/plugins/elementor/assets/lib/font-awesome/css/v4-shims.min.css]
[nextlevel-erlebnisse.de/wp-content/uploads/2022/09/sbvr-background_grey.jpg]
[nextlevel-erlebnisse.de/wp-content/uploads/2022/09/sbvr-background_bluegrey.png]
[nextlevel-erlebnisse.de/wp-content/uploads/2022/10/sandboxvr-header.jpg]
[nextlevel-erlebnisse.de/wp-content/uploads/2022/09/sbvr-background-mobile-lightgrey.jpg]
[nextlevel-erlebnisse.de/wp-content/uploads/2022/09/sbvr-background-mobile-grey.png]
[nextlevel-erlebnisse.de/wp-content/uploads/2022/09/influencer.jpg]
[nextlevel-erlebnisse.de/wp-content/uploads/2022/09/influencer-hover.jpg]
[nextlevel-erlebnisse.de/wp-content/uploads/2022/08/mesh-gradient.png]
[nextlevel-erlebnisse.de/wp-content/uploads/2022/09/sbvr-background-mobile-grey-vertical.jpg]
[nextlevel-erlebnisse.de/wp-content/uploads/2022/09/sbvr-background-mobile-blue-vertical.jpg]
[nextlevel-erlebnisse.de/wp-content/uploads/elementor/css/post-2846.css]
[nextlevel-erlebnisse.de/sandboxvr/POST]
[nextlevel-erlebnisse.de/sandboxvr/b.resolvedLink]
[nextlevel-erlebnisse.de/sandboxvr/schema.org/index.html]
[nextlevel-erlebnisse.de/signals/iwl.js]
[connect.facebook.net/en_US/fbevents.js]
[nextlevel-erlebnisse.de/wp-content/uploads/elementor/css/post-4630.css]
[nextlevel-erlebnisse.de/wp-content/uploads/2023/12/Sandbox_Preisuebersicht_v2_web-720x432.png]
[nextlevel-erlebnisse.de/wp-content/uploads/2022/11/felder-gutscheinvoucher.jpg]
[nextlevel-erlebnisse.de/wp-content/uploads/2022/11/felder-gutscheinvoucher-300x300.jpg]
[nextlevel-erlebnisse.de/wp-content/uploads/2022/11/voucher-paypal.png]
[nextlevel-erlebnisse.de/wp-content/uploads/2023/12/Gutschein_Sandbox_12x3_web-300x200.jpg]
[nextlevel-erlebnisse.de/wp-content/uploads/2023/12/geschenkbox_Sandbox_weihnachtlich_2x3_web-1-300x200.jpg]
[nextlevel-erlebnisse.de/wp-content/uploads/2023/12/Lootbox_2x3_web-300x200.jpg]
[nextlevel-erlebnisse.de/wp-content/uploads/2021/11/Escape-Room-Alsfeld-Gutschein-0343_600x600px-300x300.jpg]
[nextlevel-erlebnisse.de/sandboxvr/gutschein/index.html]
[nextlevel-erlebnisse.de/wp-content/plugins/elementor-pro/assets/css/widget-animated-headline.min.css]
[nextlevel-erlebnisse.de/wp-content/plugins/elementor-pro/assets/css/widget-carousel.min.css]
[nextlevel-erlebnisse.de/wp-content/cache/wpo-minify/1703182684/assets/wpo-minify-footer-4cd87855.min.js]
[nextlevel-erlebnisse.de/wp-includes/css/dist/block-library/style.min.css]
[nextlevel-erlebnisse.de/sandboxvr/erlebnisse/ambersky/index.html]
[nextlevel-erlebnisse.de/sandboxvr/erlebnisse/davyjones/index.html]
[nextlevel-erlebnisse.de/sandboxvr/erlebnisse/deadwoodmansion/index.html]
[nextlevel-erlebnisse.de/wp-content/cache/wpo-minify/1703182684/assets/wpo-minify-footer-43502e08.min.js]
[nextlevel-erlebnisse.de/wp-content/uploads/elementor/css/post-8043.css]
[nextlevel-erlebnisse.de/wp-content/plugins/elementor/assets/lib/e-gallery/css/e-gallery.min.css]
[nextlevel-erlebnisse.de/sandboxvr/erlebnisse/deadwoodvalley/index.html]
[nextlevel-erlebnisse.de/sandboxvr/erlebnisse/startrek/index.html]
[nextlevel-erlebnisse.de/sandboxvr/erlebnisse/ufl/index.html]
[nextlevel-erlebnisse.de/sandboxvr/erlebnisse/dragonfire/index.html]
[nextlevel-erlebnisse.de/sandboxvr/erlebnisse/squidgame/index.html]
[nextlevel-erlebnisse.de/wp-content/plugins/elementor/assets/css/widget-icon-box.min.css]
[nextlevel-erlebnisse.de/wp-content/plugins/elementor-pro/assets/css/widget-call-to-action.min.css]
[nextlevel-erlebnisse.de/wp-content/uploads/elementor/css/post-8361.css]
[nextlevel-erlebnisse.de/wp-content/plugins/elementor/assets/lib/animations/animations.min.css]
[p.typekit.net/p3dfe.css]
[nextlevel-erlebnisse.de/wp-content/cache/wpo-minify/1703182684/assets/wpo-minify-footer-534685fc.min.js]
[nextlevel-erlebnisse.de/sandboxvr/POST.html]
[nextlevel-erlebnisse.de/sandboxvr/schema.org/index.html]
[nextlevel-erlebnisse.de/sandboxvr/b.html]
[nextlevel-erlebnisse.de/signals/iwl.html]
[nextlevel-erlebnisse.de/wp-content/uploads/elementor/css/post-4630.css]
[nextlevel-erlebnisse.de/wp-includes/css/dist/block-library/style.min.css]
[nextlevel-erlebnisse.de/wp-content/uploads/elementor/css/post-8043.css]
[nextlevel-erlebnisse.de/wp-content/plugins/elementor/assets/lib/e-gallery/css/e-gallery.min.css]
[analytics.tiktok.com/i18n/pixel/events.js]
